******************************************************************************
                  TI ARM Linker PC v20.2.5                     
******************************************************************************
>> Linked Fri Dec 24 12:14:27 2021

OUTPUT FILE NAME:   <BD6Tx_CM.out>
ENTRY POINT SYMBOL: "_c_int00_noinit_noargs"  address: 002003d5


MEMORY CONFIGURATION

         name            origin    length      used     unused   attr    fill
----------------------  --------  ---------  --------  --------  ----  --------
  CMBANK0_RESETISR      00200000   00000008  00000006  00000002  RWIX
  CMBANK0_SECTOR0       00200008   00003ff8  000005f6  00003a02  RWIX
  CMBANK0_SECTOR1       00204000   00004000  00000000  00004000  RWIX
  CMBANK0_SECTOR2       00208000   00004000  00000000  00004000  RWIX
  CMBANK0_SECTOR3       0020c000   00004000  00000000  00004000  RWIX
  CMBANK0_SECTOR4       00210000   00010000  00000000  00010000  RWIX
  CMBANK0_SECTOR5       00220000   00010000  00000000  00010000  RWIX
  CMBANK0_SECTOR6       00230000   00010000  00000000  00010000  RWIX
  CMBANK0_SECTOR7       00240000   00010000  00000000  00010000  RWIX
  CMBANK0_SECTOR8       00250000   00010000  00000000  00010000  RWIX
  CMBANK0_SECTOR9       00260000   00010000  00000000  00010000  RWIX
  CMBANK0_SECTOR10      00270000   00004000  00000000  00004000  RWIX
  CMBANK0_SECTOR11      00274000   00004000  00000000  00004000  RWIX
  CMBANK0_SECTOR12      00278000   00004000  00000000  00004000  RWIX
  CMBANK0_SECTOR13      0027c000   00004000  00000000  00004000  RWIX
  C1RAM                 1fffc000   00002000  00000200  00001e00  RWIX
  C0RAM                 1fffe000   00002000  00000172  00001e8e  RWIX
  BOOT_RSVD             20000000   00000800  00000000  00000800  RWIX
  S0RAM                 20000800   00003800  00000000  00003800  RWIX
  S1RAM                 20004000   00004000  00000000  00004000  RWIX
  S2RAM                 20008000   00004000  00000000  00004000  RWIX
  S3RAM                 2000c000   00004000  00000000  00004000  RWIX
  E0RAM                 20010000   00004000  00000000  00004000  RWIX
  CPU1TOCMMSGRAM0       20080000   00000800  00000000  00000800  RWIX
  CPU1TOCMMSGRAM1       20080800   00000800  00000000  00000800  RWIX
  CMTOCPU1MSGRAM0       20082000   00000800  00000000  00000800  RWIX
  CMTOCPU1MSGRAM1       20082800   00000800  00000000  00000800  RWIX
  CPU2TOCMMSGRAM0       20084000   00000800  00000000  00000800  RWIX
  CPU2TOCMMSGRAM1       20084800   00000800  00000000  00000800  RWIX
  CMTOCPU2MSGRAM0       20086000   00000800  00000000  00000800  RWIX
  CMTOCPU2MSGRAM1       20086800   00000800  00000000  00000800  RWIX


SEGMENT ALLOCATION MAP

run origin  load origin   length   init length attrs members
----------  ----------- ---------- ----------- ----- -------
00200000    00200000    00000006   00000006    r-x
  00200000    00200000    00000006   00000006    r-x .resetisr
00200180    00200180    0000027a   0000027a    r-x
  00200180    00200180    0000027a   0000027a    r-x .text.1
00200400    00200400    0000020a   0000020a    r-x
  00200400    00200400    00000140   00000140    r-- .vftable
  00200540    00200540    000000ca   000000ca    r-x .text.2
1fffc000    1fffc000    00000200   00000000    rw-
  1fffc000    1fffc000    00000200   00000000    rw- .stack
1fffe000    00200008    00000172   00000172    r-x
  1fffe000    00200008    00000172   00000172    r-x .TI.ramfunc


SECTION ALLOCATION MAP

 output                                  attributes/
section   page    origin      length       input sections
--------  ----  ----------  ----------   ----------------
.resetisr 
*          0    00200000    00000006     
                  00200000    00000006     startup_cm.obj (.resetisr:resetISR)

.vftable   0    00200400    00000140     
                  00200400    00000140     startup_cm.obj (.vftable:retain)

.cinit     0    00200008    00000000     UNINITIALIZED

.stack     0    1fffc000    00000200     UNINITIALIZED
                  1fffc000    00000004     rtsv7M4_T_le_eabi.lib : boot_cortex_m.c.obj (.stack)
                  1fffc004    000001fc     --HOLE--

.TI.ramfunc 
*          0    00200008    00000172     RUN ADDR = 1fffe000
                  00200008    00000070     driverlib_cm.lib : flash.obj (.TI.ramfunc:Flash_initModule)
                  00200078    00000008                      : flash.obj (.tramp.Flash_unlockCtrlRegisters.1)
                  00200080    00000008                      : flash.obj (.tramp.Flash_unlockECCRegisters.1)
                  00200088    00000030                      : flash.obj (.TI.ramfunc:Flash_setBankPowerMode)
                  002000b8    00000022                      : flash.obj (.TI.ramfunc:Flash_setWaitstates)
                  002000da    00000020                      : flash.obj (.TI.ramfunc:Flash_setPumpPowerMode)
                  002000fa    0000001a                      : flash.obj (.TI.ramfunc:Flash_enableECC)
                  00200114    00000018                      : flash.obj (.TI.ramfunc:Flash_disableDataCache)
                  0020012c    00000018                      : flash.obj (.TI.ramfunc:Flash_disableProgramCache)
                  00200144    00000018                      : flash.obj (.TI.ramfunc:Flash_enableDataCache)
                  0020015c    00000018                      : flash.obj (.TI.ramfunc:Flash_enableProgramCache)
                  00200174    00000006                      : sysctl.obj (.TI.ramfunc)

__llvm_prf_cnts 
*          0    2000c000    00000000     UNINITIALIZED

.text.1    0    00200180    0000027a     
                  00200180    0000009c     rtsv7M4_T_le_eabi.lib : memcpy_t2.asm.obj (.text)
                  0020021c    00000004                           : pre_init.c.obj (.text:_system_pre_init)
                  00200220    0000009a     mainCM.obj (.text:GPIO_writePin)
                  002002ba    00000004     rtsv7M4_T_le_eabi.lib : exit.c.obj (.text:abort:abort)
                  002002be    00000002     --HOLE-- [fill = 0]
                  002002c0    00000076     cm.obj (.text:CM_enableAllPeripherals)
                  00200336    00000002     --HOLE-- [fill = 0]
                  00200338    0000004a     cm.obj (.text:CM_init)
                  00200382    00000002     --HOLE-- [fill = 0]
                  00200384    00000008     driverlib_cm.lib : flash.obj (.tramp.Flash_initModule.1)
                  0020038c    00000048                      : sysctl.obj (.text:SysCtl_enablePeripheral)
                  002003d4    00000020     rtsv7M4_T_le_eabi.lib : boot_cortex_m.c.obj (.text:_c_int00_noinit_noargs:_c_int00_noinit_noargs)
                  002003f4    00000004     --HOLE-- [fill = 0]
                  002003f8    00000002     startup_cm.obj (.text:defaultISR)

.text.2    0    00200540    000000ca     
                  00200540    00000032     mainCM.obj (.text:main)
                  00200572    00000002     --HOLE-- [fill = 0]
                  00200574    00000008     driverlib_cm.lib : sysctl.obj (.tramp.SysCtl_delay.1)
                  0020057c    00000004     --HOLE-- [fill = 0]
                  00200580    0000001a     mainCM.obj (.text:GPIO_isPinValid)
                  0020059a    00000006     --HOLE-- [fill = 0]
                  002005a0    00000016     cm.obj (.text:Interrupt_setVectorTableOffset)
                  002005b6    00000014     driverlib_cm.lib : flash.obj (.text:Flash_unlockCtrlRegisters)
                  002005ca    00000012                      : flash.obj (.text:Flash_unlockECCRegisters)
                  002005dc    00000004     --HOLE-- [fill = 0]
                  002005e0    00000010     cm.obj (.text:SysCtl_disableWatchdog)
                  002005f0    0000000e     cm.obj (.text:__error__)
                  002005fe    00000002     --HOLE-- [fill = 0]
                  00200600    00000002     startup_cm.obj (.text:faultISR)
                  00200602    00000006     --HOLE-- [fill = 0]
                  00200608    00000002     startup_cm.obj (.text:nmiISR)

MODULE SUMMARY

       Module                code   ro data   rw data
       ------                ----   -------   -------
    .\
       startup_cm.obj        12     320       0      
       mainCM.obj            230    0         0      
    +--+---------------------+------+---------+---------+
       Total:                242    320       0      
                                                     
    .\device\
       cm.obj                244    0         0      
    +--+---------------------+------+---------+---------+
       Total:                244    0         0      
                                                     
    C:/ti/c2000/C2000Ware_4_00_00_00/driverlib/f2838x/driverlib_cm/ccs/Debug/driverlib_cm.lib
       flash.obj             774    0         0      
       sysctl.obj            92     0         0      
    +--+---------------------+------+---------+---------+
       Total:                866    0         0      
                                                     
    C:\ti\ccs1100\ccs\tools\compiler\ti-cgt-arm_20.2.5.LTS\lib\rtsv7M4_T_le_eabi.lib
       memcpy_t2.asm.obj     156    0         0      
       boot_cortex_m.c.obj   32     0         0      
       exit.c.obj            4      0         0      
       pre_init.c.obj        4      0         0      
    +--+---------------------+------+---------+---------+
       Total:                196    0         0      
                                                     
       Stack:                0      0         512    
    +--+---------------------+------+---------+---------+
       Grand Total:          1548   320       512    


FAR CALL TRAMPOLINES

callee name               trampoline name
   callee addr  tramp addr   call addr  call info
--------------  -----------  ---------  ----------------
Flash_initModule          $Tramp$TT$L$PI$$Flash_initModule
   1fffe001     00200384     0020036c   cm.obj (.text:CM_init)
SysCtl_delay              $Tramp$TT$L$PI$$SysCtl_delay
   1fffe16d     00200574     00200558   mainCM.obj (.text:main)
                             0020056c   mainCM.obj (.text:main)
Flash_unlockCtrlRegisters  $Tramp$TT$L$PI$$Flash_unlockCtrlRegisters
   002005b7     1fffe070     1fffe010   driverlib_cm.lib : flash.obj (.TI.ramfunc:Flash_initModule)
Flash_unlockECCRegisters  $Tramp$TT$L$PI$$Flash_unlockECCRegisters
   002005cb     1fffe078     1fffe016   driverlib_cm.lib : flash.obj (.TI.ramfunc:Flash_initModule)

[4 trampolines]
[5 trampoline calls]


GLOBAL SYMBOLS: SORTED ALPHABETICALLY BY Name 

address   name                   
-------   ----                   
002002bb  C$$EXIT                
002002c1  CM_enableAllPeripherals
00200339  CM_init                
1fffe001  Flash_initModule       
0020017a  RamfuncsLoadEnd        
00000172  RamfuncsLoadSize       
00200008  RamfuncsLoadStart      
1fffe172  RamfuncsRunEnd         
00000172  RamfuncsRunSize        
1fffe000  RamfuncsRunStart       
1fffe16d  SysCtl_delay           
0020038d  SysCtl_enablePeripheral
1fffc200  __STACK_END            
00000200  __STACK_SIZE           
ffffffff  __TI_pprof_out_hndl    
ffffffff  __TI_prof_data_size    
ffffffff  __TI_prof_data_start   
00200000  __TI_static_base__     
00200181  __aeabi_memcpy         
00200181  __aeabi_memcpy4        
00200181  __aeabi_memcpy8        
ffffffff  __binit__              
ffffffff  __c_args__             
002005f1  __error__              
UNDEFED   __mpu_init             
1fffc000  __stack                
2000c000  __start___llvm_prf_cnts
2000c000  __stop___llvm_prf_cnts 
002003d5  _c_int00_noinit_noargs 
0020021d  _system_pre_init       
002002bb  abort                  
ffffffff  binit                  
00200541  main                   
00200181  memcpy                 
00200400  vectorTableFlash       


GLOBAL SYMBOLS: SORTED BY Symbol Address 

address   name                   
-------   ----                   
00000172  RamfuncsLoadSize       
00000172  RamfuncsRunSize        
00000200  __STACK_SIZE           
00200000  __TI_static_base__     
00200008  RamfuncsLoadStart      
0020017a  RamfuncsLoadEnd        
00200181  __aeabi_memcpy         
00200181  __aeabi_memcpy4        
00200181  __aeabi_memcpy8        
00200181  memcpy                 
0020021d  _system_pre_init       
002002bb  C$$EXIT                
002002bb  abort                  
002002c1  CM_enableAllPeripherals
00200339  CM_init                
0020038d  SysCtl_enablePeripheral
002003d5  _c_int00_noinit_noargs 
00200400  vectorTableFlash       
00200541  main                   
002005f1  __error__              
1fffc000  __stack                
1fffc200  __STACK_END            
1fffe000  RamfuncsRunStart       
1fffe001  Flash_initModule       
1fffe16d  SysCtl_delay           
1fffe172  RamfuncsRunEnd         
2000c000  __start___llvm_prf_cnts
2000c000  __stop___llvm_prf_cnts 
ffffffff  __TI_pprof_out_hndl    
ffffffff  __TI_prof_data_size    
ffffffff  __TI_prof_data_start   
ffffffff  __binit__              
ffffffff  __c_args__             
ffffffff  binit                  
UNDEFED   __mpu_init             

[35 symbols]
