******************************************************************************
             TMS320C2000 Linker PC v21.6.0                     
******************************************************************************
>> Linked Fri Dec 24 10:38:10 2021

OUTPUT FILE NAME:   <BD6Tx_CPU2.out>
ENTRY POINT SYMBOL: "code_start"  address: 00000000


MEMORY CONFIGURATION

         name            origin    length      used     unused   attr    fill
----------------------  --------  ---------  --------  --------  ----  --------
  BEGIN                 00000000   00000002  00000002  00000000  RWIX
  BOOT_RSVD             00000002   000001a7  00000000  000001a7  RWIX
  RAMM0                 000001a9   00000257  00000014  00000243  RWIX
  RAMM1                 00000400   000003f8  00000100  000002f8  RWIX
  RAMLS0                00008000   00000800  00000000  00000800  RWIX
  RAMLS1                00008800   00000800  00000000  00000800  RWIX
  RAMLS2                00009000   00000800  0000000a  000007f6  RWIX
  RAMLS3                00009800   00000800  00000043  000007bd  RWIX
  RAMLS4                0000a000   00000800  00000000  00000800  RWIX
  RAMLS5                0000a800   00000800  00000000  00000800  RWIX
  RAMLS6                0000b000   00000800  00000000  00000800  RWIX
  RAMLS7                0000b800   00000800  00000000  00000800  RWIX
  RAMD0                 0000c000   00000800  0000039e  00000462  RWIX
  RAMD1                 0000c800   00000800  00000000  00000800  RWIX
  RAMGS0                0000d000   00001000  00000000  00001000  RWIX
  RAMGS1                0000e000   00001000  00000000  00001000  RWIX
  RAMGS2                0000f000   00001000  00000000  00001000  RWIX
  RAMGS3                00010000   00001000  00000000  00001000  RWIX
  RAMGS4                00011000   00001000  00000000  00001000  RWIX
  RAMGS5                00012000   00001000  00000000  00001000  RWIX
  RAMGS6                00013000   00001000  00000000  00001000  RWIX
  RAMGS7                00014000   00001000  00000000  00001000  RWIX
  RAMGS8                00015000   00001000  00000000  00001000  RWIX
  RAMGS9                00016000   00001000  00000000  00001000  RWIX
  RAMGS10               00017000   00001000  00000000  00001000  RWIX
  RAMGS11               00018000   00001000  00000000  00001000  RWIX
  RAMGS12               00019000   00001000  00000000  00001000  RWIX
  RAMGS13               0001a000   00001000  00000000  00001000  RWIX
  RAMGS14               0001b000   00001000  00000000  00001000  RWIX
  RAMGS15               0001c000   00000ff8  00000000  00000ff8  RWIX
  CMTOCPURAM            00038000   00000800  00000000  00000800  RWIX
  CPUTOCMRAM            00039000   00000800  00000000  00000800  RWIX
  CPU1TOCPU2RAM         0003a000   00000800  00000000  00000800  RWIX
  CPU2TOCPU1RAM         0003b000   00000800  00000000  00000800  RWIX
  CANA_MSG_RAM          00049000   00000800  00000000  00000800  RWIX
  CANB_MSG_RAM          0004b000   00000800  00000000  00000800  RWIX
  FLASH0                00080000   00002000  00000000  00002000  RWIX
  FLASH1                00082000   00002000  00000000  00002000  RWIX
  FLASH2                00084000   00002000  00000000  00002000  RWIX
  FLASH3                00086000   00002000  00000000  00002000  RWIX
  FLASH4                00088000   00008000  00000000  00008000  RWIX
  FLASH5                00090000   00008000  00000000  00008000  RWIX
  FLASH6                00098000   00008000  00000000  00008000  RWIX
  FLASH7                000a0000   00008000  00000000  00008000  RWIX
  FLASH8                000a8000   00008000  00000000  00008000  RWIX
  FLASH9                000b0000   00008000  00000000  00008000  RWIX
  FLASH10               000b8000   00002000  00000000  00002000  RWIX
  FLASH11               000ba000   00002000  00000000  00002000  RWIX
  FLASH12               000bc000   00002000  00000000  00002000  RWIX
  FLASH13               000be000   00002000  00000000  00002000  RWIX
  RESET                 003fffc0   00000002  00000000  00000002  RWIX


SECTION ALLOCATION MAP

 output                                  attributes/
section   page    origin      length       input sections
--------  ----  ----------  ----------   ----------------
codestart 
*          0    00000000    00000002     
                  00000000    00000002     f2838x_codestartbranch.obj (codestart)

.cinit     0    000001b0    00000010     
                  000001b0    00000008     (.cinit..data.load) [load image, compression = lzss]
                  000001b8    00000004     (__TI_handler_table)
                  000001bc    00000004     (__TI_cinit_table)

.reset     0    003fffc0    00000000     DSECT

.stack     0    00000400    00000100     UNINITIALIZED
                  00000400    00000100     --HOLE--

.init_array 
*          0    000001a9    00000000     UNINITIALIZED

.data      0    00009000    0000000a     UNINITIALIZED
                  00009000    00000006     rts2800_fpu64_eabi.lib : exit.c.obj (.data)
                  00009006    00000002                            : _lock.c.obj (.data:_lock)
                  00009008    00000002                            : _lock.c.obj (.data:_unlock)

.const     0    00009800    00000043     
                  00009800    00000043     mainCPU2.obj (.const:.string)

.TI.ramfunc 
*          0    000001a9    00000004     
                  000001a9    00000004     driverlib.lib : sysctl.obj (.TI.ramfunc)

.text      0    0000c000    0000039e     
                  0000c000    00000146     device.obj (.text:Device_enableAllPeripherals)
                  0000c146    00000045     mainCPU2.obj (.text:GPIO_writePin)
                  0000c18b    0000003d     driverlib.lib : interrupt.obj (.text:Interrupt_initModule)
                  0000c1c8    00000031     rts2800_fpu64_eabi.lib : copy_decompress_lzss.c.obj (.text:decompress:lzss)
                  0000c1f9    0000002b                            : autoinit.c.obj (.text:__TI_auto_init_nobinit_nopinit)
                  0000c224    00000029                            : exit.c.obj (.text)
                  0000c24d    00000021     device.obj (.text:Device_initGPIO)
                  0000c26e    00000021     mainCPU2.obj (.text:main)
                  0000c28f    0000001e     driverlib.lib : interrupt.obj (.text:Interrupt_initVectorTable)
                  0000c2ad    0000001d     rts2800_fpu64_eabi.lib : memcpy.c.obj (.text)
                  0000c2ca    00000019                            : boot28.asm.obj (.text)
                  0000c2e3    00000017     device.obj (.text:SysCtl_enablePeripheral)
                  0000c2fa    00000015     device.obj (.text:GPIO_unlockPortConfig)
                  0000c30f    00000013     device.obj (.text:Device_enableUnbondedGPIOPullupsFor176Pin)
                  0000c322    00000011     device.obj (.text:Device_enableUnbondedGPIOPullups)
                  0000c333    0000000e     mainCPU2.obj (.text:GPIO_isPinValid)
                  0000c341    0000000e     driverlib.lib : interrupt.obj (.text:Interrupt_defaultHandler)
                  0000c34f    0000000d                   : interrupt.obj (.text:Interrupt_disableMaster)
                  0000c35c    0000000c     rts2800_fpu64_eabi.lib : args_main.c.obj (.text)
                  0000c368    00000009                            : _lock.c.obj (.text)
                  0000c371    00000008     device.obj (.text:SysCtl_disableWatchdog)
                  0000c379    00000008     rts2800_fpu64_eabi.lib : copy_decompress_none.c.obj (.text:decompress:none)
                  0000c381    00000008     f2838x_codestartbranch.obj (.text)
                  0000c389    00000007     device.obj (.text:Device_init)
                  0000c390    00000007     device.obj (.text:__error__)
                  0000c397    00000002     driverlib.lib : interrupt.obj (.text:Interrupt_illegalOperationHandler)
                  0000c399    00000002                   : interrupt.obj (.text:Interrupt_nmiHandler)
                  0000c39b    00000002     rts2800_fpu64_eabi.lib : pre_init.c.obj (.text)
                  0000c39d    00000001                            : startup.c.obj (.text)

MODULE SUMMARY

       Module                       code   ro data   rw data
       ------                       ----   -------   -------
    .\device\
       device.obj                   461    0         0      
       f2838x_codestartbranch.obj   10     0         0      
    +--+----------------------------+------+---------+---------+
       Total:                       471    0         0      
                                                            
    .\source\
       mainCPU2.obj                 116    67        0      
    +--+----------------------------+------+---------+---------+
       Total:                       116    67        0      
                                                            
    C:/ti/c2000/C2000Ware_4_00_00_00/driverlib/f2838x/driverlib/ccs/Debug/driverlib.lib
       interrupt.obj                122    0         0      
       sysctl.obj                   4      0         0      
    +--+----------------------------+------+---------+---------+
       Total:                       126    0         0      
                                                            
    C:\ti\ccs1100\ccs\tools\compiler\ti-cgt-c2000_21.6.0.LTS\lib\rts2800_fpu64_eabi.lib
       copy_decompress_lzss.c.obj   49     0         0      
       exit.c.obj                   41     0         6      
       autoinit.c.obj               43     0         0      
       memcpy.c.obj                 29     0         0      
       boot28.asm.obj               25     0         0      
       _lock.c.obj                  9      0         4      
       args_main.c.obj              12     0         0      
       copy_decompress_none.c.obj   8      0         0      
       pre_init.c.obj               2      0         0      
       startup.c.obj                1      0         0      
    +--+----------------------------+------+---------+---------+
       Total:                       219    0         10     
                                                            
       Stack:                       0      0         256    
       Linker Generated:            0      16        0      
    +--+----------------------------+------+---------+---------+
       Grand Total:                 932    83        266    


LINKER GENERATED COPY TABLES

__TI_cinit_table @ 000001bc records: 1, size/record: 4, table size: 4
	.data: load addr=000001b0, load size=00000008 bytes, run addr=00009000, run size=0000000a bytes, compression=lzss


LINKER GENERATED HANDLER TABLE

__TI_handler_table @ 000001b8 records: 2, size/record: 2, table size: 4
	index: 0, handler: __TI_decompress_lzss
	index: 1, handler: __TI_decompress_none


GLOBAL DATA SYMBOLS: SORTED BY DATA PAGE

address     data page           name
--------    ----------------    ----
00000400      10 (00000400)     __stack

00009000     240 (00009000)     __TI_enable_exit_profile_output
00009002     240 (00009000)     __TI_cleanup_ptr
00009004     240 (00009000)     __TI_dtors_ptr
00009006     240 (00009000)     _lock
00009008     240 (00009000)     _unlock


GLOBAL SYMBOLS: SORTED ALPHABETICALLY BY Name 

page  address   name                                     
----  -------   ----                                     
0     0000c224  C$$EXIT                                  
0     0000c000  Device_enableAllPeripherals              
0     0000c322  Device_enableUnbondedGPIOPullups         
0     0000c30f  Device_enableUnbondedGPIOPullupsFor176Pin
0     0000c389  Device_init                              
0     0000c24d  Device_initGPIO                          
0     0000c18b  Interrupt_initModule                     
0     0000c28f  Interrupt_initVectorTable                
0     000001a9  SysCtl_delay                             
0     000001bc  __TI_CINIT_Base                          
0     000001c0  __TI_CINIT_Limit                         
0     000001c0  __TI_CINIT_Warm                          
0     000001b8  __TI_Handler_Table_Base                  
0     000001bc  __TI_Handler_Table_Limit                 
0     00000500  __TI_STACK_END                           
abs   00000100  __TI_STACK_SIZE                          
0     0000c1f9  __TI_auto_init_nobinit_nopinit           
0     00009002  __TI_cleanup_ptr                         
0     0000c1c8  __TI_decompress_lzss                     
0     0000c379  __TI_decompress_none                     
0     00009004  __TI_dtors_ptr                           
0     00009000  __TI_enable_exit_profile_output          
abs   ffffffff  __TI_pprof_out_hndl                      
abs   ffffffff  __TI_prof_data_size                      
abs   ffffffff  __TI_prof_data_start                     
n/a   UNDEFED   __c_args__                               
0     0000c390  __error__                                
0     00000400  __stack                                  
0     0000c35c  _args_main                               
0     0000c2ca  _c_int00                                 
0     00009006  _lock                                    
0     0000c370  _nop                                     
0     0000c36c  _register_lock                           
0     0000c368  _register_unlock                         
0     0000c39d  _system_post_cinit                       
0     0000c39b  _system_pre_init                         
0     00009008  _unlock                                  
0     0000c224  abort                                    
0     00000000  code_start                               
0     0000c226  exit                                     
0     0000c26e  main                                     
0     0000c2ad  memcpy                                   


GLOBAL SYMBOLS: SORTED BY Symbol Address 

page  address   name                                     
----  -------   ----                                     
0     00000000  code_start                               
0     000001a9  SysCtl_delay                             
0     000001b8  __TI_Handler_Table_Base                  
0     000001bc  __TI_CINIT_Base                          
0     000001bc  __TI_Handler_Table_Limit                 
0     000001c0  __TI_CINIT_Limit                         
0     000001c0  __TI_CINIT_Warm                          
0     00000400  __stack                                  
0     00000500  __TI_STACK_END                           
0     00009000  __TI_enable_exit_profile_output          
0     00009002  __TI_cleanup_ptr                         
0     00009004  __TI_dtors_ptr                           
0     00009006  _lock                                    
0     00009008  _unlock                                  
0     0000c000  Device_enableAllPeripherals              
0     0000c18b  Interrupt_initModule                     
0     0000c1c8  __TI_decompress_lzss                     
0     0000c1f9  __TI_auto_init_nobinit_nopinit           
0     0000c224  C$$EXIT                                  
0     0000c224  abort                                    
0     0000c226  exit                                     
0     0000c24d  Device_initGPIO                          
0     0000c26e  main                                     
0     0000c28f  Interrupt_initVectorTable                
0     0000c2ad  memcpy                                   
0     0000c2ca  _c_int00                                 
0     0000c30f  Device_enableUnbondedGPIOPullupsFor176Pin
0     0000c322  Device_enableUnbondedGPIOPullups         
0     0000c35c  _args_main                               
0     0000c368  _register_unlock                         
0     0000c36c  _register_lock                           
0     0000c370  _nop                                     
0     0000c379  __TI_decompress_none                     
0     0000c389  Device_init                              
0     0000c390  __error__                                
0     0000c39b  _system_pre_init                         
0     0000c39d  _system_post_cinit                       
abs   00000100  __TI_STACK_SIZE                          
abs   ffffffff  __TI_pprof_out_hndl                      
abs   ffffffff  __TI_prof_data_size                      
abs   ffffffff  __TI_prof_data_start                     
n/a   UNDEFED   __c_args__                               

[42 symbols]
