******************************************************************************
             TMS320C2000 Linker PC v21.6.0                     
******************************************************************************
>> Linked Fri Dec 24 12:29:47 2021

OUTPUT FILE NAME:   <BD6Tx_CPU2.out>
ENTRY POINT SYMBOL: "code_start"  address: 00080000


MEMORY CONFIGURATION

         name            origin    length      used     unused   attr    fill
----------------------  --------  ---------  --------  --------  ----  --------
  BOOT_RSVD             00000002   000001a7  00000000  000001a7  RWIX
  RAMM0                 000001a9   00000257  00000000  00000257  RWIX
  RAMM1                 00000400   000003f8  00000100  000002f8  RWIX
  RAMLS0                00008000   00000800  0000012d  000006d3  RWIX
  RAMLS1                00008800   00000800  00000000  00000800  RWIX
  RAMLS2                00009000   00000800  0000000a  000007f6  RWIX
  RAMLS3                00009800   00000800  00000000  00000800  RWIX
  RAMLS4                0000a000   00000800  00000000  00000800  RWIX
  RAMLS5                0000a800   00000800  00000000  00000800  RWIX
  RAMLS6                0000b000   00000800  00000000  00000800  RWIX
  RAMLS7                0000b800   00000800  00000000  00000800  RWIX
  RAMD0                 0000c000   00000800  00000000  00000800  RWIX
  RAMD1                 0000c800   00000800  00000000  00000800  RWIX
  RAMGS0                0000d000   00001000  00000000  00001000  RWIX
  RAMGS1                0000e000   00001000  00000000  00001000  RWIX
  RAMGS2                0000f000   00001000  00000000  00001000  RWIX
  RAMGS3                00010000   00001000  00000000  00001000  RWIX
  RAMGS4                00011000   00001000  00000000  00001000  RWIX
  RAMGS5                00012000   00001000  00000000  00001000  RWIX
  RAMGS6                00013000   00001000  00000000  00001000  RWIX
  RAMGS7                00014000   00001000  00000000  00001000  RWIX
  RAMGS8                00015000   00001000  00000000  00001000  RWIX
  RAMGS9                00016000   00001000  00000000  00001000  RWIX
  RAMGS10               00017000   00001000  00000000  00001000  RWIX
  RAMGS11               00018000   00001000  00000000  00001000  RWIX
  RAMGS12               00019000   00001000  00000000  00001000  RWIX
  RAMGS13               0001a000   00001000  00000000  00001000  RWIX
  RAMGS14               0001b000   00001000  00000000  00001000  RWIX
  RAMGS15               0001c000   00000ff8  00000000  00000ff8  RWIX
  CMTOCPURAM            00038000   00000800  00000000  00000800  RWIX
  CPUTOCMRAM            00039000   00000800  00000000  00000800  RWIX
  CPU1TOCPU2RAM         0003a000   00000800  00000000  00000800  RWIX
  CPU2TOCPU1RAM         0003b000   00000800  00000000  00000800  RWIX
  BEGIN                 00080000   00000002  00000002  00000000  RWIX
  FLASH0                00080002   00001ffe  00000000  00001ffe  RWIX
  FLASH1                00082000   00002000  00000341  00001cbf  RWIX
  FLASH2                00084000   00002000  00000000  00002000  RWIX
  FLASH3                00086000   00002000  0000012d  00001ed3  RWIX
  FLASH4                00088000   00008000  00000000  00008000  RWIX
  FLASH5                00090000   00008000  00000098  00007f68  RWIX
  FLASH6                00098000   00008000  00000000  00008000  RWIX
  FLASH7                000a0000   00008000  00000000  00008000  RWIX
  FLASH8                000a8000   00008000  00000000  00008000  RWIX
  FLASH9                000b0000   00008000  00000000  00008000  RWIX
  FLASH10               000b8000   00002000  00000000  00002000  RWIX
  FLASH11               000ba000   00002000  00000000  00002000  RWIX
  FLASH12               000bc000   00002000  00000000  00002000  RWIX
  FLASH13               000be000   00001ff0  00000000  00001ff0  RWIX
  RESET                 003fffc0   00000002  00000000  00000002  RWIX


SECTION ALLOCATION MAP

 output                                  attributes/
section   page    origin      length       input sections
--------  ----  ----------  ----------   ----------------
codestart 
*          0    00080000    00000002     
                  00080000    00000002     f2838x_codestartbranch.obj (codestart)

.cinit     0    00082330    00000014     
                  00082330    00000009     (.cinit..data.load) [load image, compression = lzss]
                  00082339    00000001     --HOLE-- [fill = 0]
                  0008233a    00000004     (__TI_handler_table)
                  0008233e    00000002     --HOLE-- [fill = 0]
                  00082340    00000004     (__TI_cinit_table)

.reset     0    003fffc0    00000000     DSECT

.stack     0    00000400    00000100     UNINITIALIZED
                  00000400    00000100     --HOLE--

.init_array 
*          0    00082000    00000000     UNINITIALIZED

.data      0    00009000    0000000a     UNINITIALIZED
                  00009000    00000006     rts2800_fpu64_eabi.lib : exit.c.obj (.data)
                  00009006    00000002                            : _lock.c.obj (.data:_lock)
                  00009008    00000002                            : _lock.c.obj (.data:_unlock)

.const     0    00090000    00000098     
                  00090000    00000098     driverlib.lib : flash.obj (.const:.string)

.TI.ramfunc 
*          0    00086000    0000012d     RUN ADDR = 00008000
                  00086000    0000003f     driverlib.lib : flash.obj (.TI.ramfunc:Flash_initModule)
                  0008603f    0000002d                   : flash.obj (.TI.ramfunc:Flash_setBankPowerMode)
                  0008606c    00000022                   : flash.obj (.TI.ramfunc:Flash_setWaitstates)
                  0008608e    0000001e                   : flash.obj (.TI.ramfunc:Flash_setPumpPowerMode)
                  000860ac    0000001a                   : flash.obj (.TI.ramfunc:Flash_disableCache)
                  000860c6    0000001a                   : flash.obj (.TI.ramfunc:Flash_disablePrefetch)
                  000860e0    00000019                   : flash.obj (.TI.ramfunc:Flash_enableCache)
                  000860f9    00000019                   : flash.obj (.TI.ramfunc:Flash_enablePrefetch)
                  00086112    00000017                   : flash.obj (.TI.ramfunc:Flash_enableECC)
                  00086129    00000004                   : sysctl.obj (.TI.ramfunc)

.text      0    00082000    0000032d     
                  00082000    0000012d     device.obj (.text:Device_enableAllPeripherals)
                  0008212d    0000003d     driverlib.lib : interrupt.obj (.text:Interrupt_initModule)
                  0008216a    00000031     rts2800_fpu64_eabi.lib : copy_decompress_lzss.c.obj (.text:decompress:lzss)
                  0008219b    0000002b                            : autoinit.c.obj (.text:__TI_auto_init_nobinit_nopinit)
                  000821c6    00000029                            : exit.c.obj (.text)
                  000821ef    00000024     device.obj (.text:Device_initGPIO)
                  00082213    00000021     device.obj (.text:Device_init)
                  00082234    0000001e     driverlib.lib : interrupt.obj (.text:Interrupt_initVectorTable)
                  00082252    0000001d     mainCPU2.obj (.text:main)
                  0008226f    0000001d     rts2800_fpu64_eabi.lib : memcpy.c.obj (.text)
                  0008228c    00000019                            : boot28.asm.obj (.text)
                  000822a5    00000013     device.obj (.text:Device_enableUnbondedGPIOPullupsFor176Pin)
                  000822b8    00000010     driverlib.lib : flash.obj (.text:Flash_isCtrlBaseValid)
                  000822c8    00000010                   : flash.obj (.text:Flash_isECCBaseValid)
                  000822d8    0000000e                   : interrupt.obj (.text:Interrupt_defaultHandler)
                  000822e6    0000000d                   : interrupt.obj (.text:Interrupt_disableMaster)
                  000822f3    0000000c     rts2800_fpu64_eabi.lib : args_main.c.obj (.text)
                  000822ff    0000000b     device.obj (.text:Device_enableUnbondedGPIOPullups)
                  0008230a    00000009     rts2800_fpu64_eabi.lib : _lock.c.obj (.text)
                  00082313    00000008                            : copy_decompress_none.c.obj (.text:decompress:none)
                  0008231b    00000008     f2838x_codestartbranch.obj (.text)
                  00082323    00000003     device.obj (.text:__error__)
                  00082326    00000002     driverlib.lib : interrupt.obj (.text:Interrupt_illegalOperationHandler)
                  00082328    00000002                   : interrupt.obj (.text:Interrupt_nmiHandler)
                  0008232a    00000002     rts2800_fpu64_eabi.lib : pre_init.c.obj (.text)
                  0008232c    00000001                            : startup.c.obj (.text)

MODULE SUMMARY

       Module                       code   ro data   rw data
       ------                       ----   -------   -------
    .\device\
       device.obj                   403    0         0      
       f2838x_codestartbranch.obj   10     0         0      
    +--+----------------------------+------+---------+---------+
       Total:                       413    0         0      
                                                            
    .\source\
       mainCPU2.obj                 29     0         0      
    +--+----------------------------+------+---------+---------+
       Total:                       29     0         0      
                                                            
    C:/ti/c2000/C2000Ware_4_00_00_00/driverlib/f2838x/driverlib/ccs/Debug/driverlib.lib
       flash.obj                    626    152       0      
       interrupt.obj                122    0         0      
       sysctl.obj                   8      0         0      
    +--+----------------------------+------+---------+---------+
       Total:                       756    152       0      
                                                            
    C:\ti\ccs1100\ccs\tools\compiler\ti-cgt-c2000_21.6.0.LTS\lib\rts2800_fpu64_eabi.lib
       copy_decompress_lzss.c.obj   49     0         0      
       exit.c.obj                   41     0         6      
       autoinit.c.obj               43     0         0      
       memcpy.c.obj                 29     0         0      
       boot28.asm.obj               25     0         0      
       _lock.c.obj                  9      0         4      
       args_main.c.obj              12     0         0      
       copy_decompress_none.c.obj   8      0         0      
       pre_init.c.obj               2      0         0      
       startup.c.obj                1      0         0      
    +--+----------------------------+------+---------+---------+
       Total:                       219    0         10     
                                                            
       Stack:                       0      0         256    
       Linker Generated:            0      17        0      
    +--+----------------------------+------+---------+---------+
       Grand Total:                 1417   169       266    


LINKER GENERATED COPY TABLES

__TI_cinit_table @ 00082340 records: 1, size/record: 4, table size: 4
	.data: load addr=00082330, load size=00000009 bytes, run addr=00009000, run size=0000000a bytes, compression=lzss


LINKER GENERATED HANDLER TABLE

__TI_handler_table @ 0008233a records: 2, size/record: 2, table size: 4
	index: 0, handler: __TI_decompress_lzss
	index: 1, handler: __TI_decompress_none


GLOBAL DATA SYMBOLS: SORTED BY DATA PAGE

address     data page           name
--------    ----------------    ----
00000400      10 (00000400)     __stack

00009000     240 (00009000)     __TI_enable_exit_profile_output
00009002     240 (00009000)     __TI_cleanup_ptr
00009004     240 (00009000)     __TI_dtors_ptr
00009006     240 (00009000)     _lock
00009008     240 (00009000)     _unlock


GLOBAL SYMBOLS: SORTED ALPHABETICALLY BY Name 

page  address   name                                     
----  -------   ----                                     
0     000821c6  C$$EXIT                                  
0     00082000  Device_enableAllPeripherals              
0     000822ff  Device_enableUnbondedGPIOPullups         
0     000822a5  Device_enableUnbondedGPIOPullupsFor176Pin
0     00082213  Device_init                              
0     000821ef  Device_initGPIO                          
0     00008000  Flash_initModule                         
0     0008212d  Interrupt_initModule                     
0     00082234  Interrupt_initVectorTable                
0     0008612d  RamfuncsLoadEnd                          
abs   0000012d  RamfuncsLoadSize                         
0     00086000  RamfuncsLoadStart                        
0     0000812d  RamfuncsRunEnd                           
abs   0000012d  RamfuncsRunSize                          
0     00008000  RamfuncsRunStart                         
0     00008129  SysCtl_delay                             
0     00082340  __TI_CINIT_Base                          
0     00082344  __TI_CINIT_Limit                         
0     00082344  __TI_CINIT_Warm                          
0     0008233a  __TI_Handler_Table_Base                  
0     0008233e  __TI_Handler_Table_Limit                 
0     00000500  __TI_STACK_END                           
abs   00000100  __TI_STACK_SIZE                          
0     0008219b  __TI_auto_init_nobinit_nopinit           
0     00009002  __TI_cleanup_ptr                         
0     0008216a  __TI_decompress_lzss                     
0     00082313  __TI_decompress_none                     
0     00009004  __TI_dtors_ptr                           
0     00009000  __TI_enable_exit_profile_output          
abs   ffffffff  __TI_pprof_out_hndl                      
abs   ffffffff  __TI_prof_data_size                      
abs   ffffffff  __TI_prof_data_start                     
n/a   UNDEFED   __c_args__                               
0     00082323  __error__                                
0     00000400  __stack                                  
0     000822f3  _args_main                               
0     0008228c  _c_int00                                 
0     00009006  _lock                                    
0     00082312  _nop                                     
0     0008230e  _register_lock                           
0     0008230a  _register_unlock                         
0     0008232c  _system_post_cinit                       
0     0008232a  _system_pre_init                         
0     00009008  _unlock                                  
0     000821c6  abort                                    
0     00080000  code_start                               
0     000821c8  exit                                     
0     00082252  main                                     
0     0008226f  memcpy                                   


GLOBAL SYMBOLS: SORTED BY Symbol Address 

page  address   name                                     
----  -------   ----                                     
0     00000400  __stack                                  
0     00000500  __TI_STACK_END                           
0     00008000  Flash_initModule                         
0     00008000  RamfuncsRunStart                         
0     00008129  SysCtl_delay                             
0     0000812d  RamfuncsRunEnd                           
0     00009000  __TI_enable_exit_profile_output          
0     00009002  __TI_cleanup_ptr                         
0     00009004  __TI_dtors_ptr                           
0     00009006  _lock                                    
0     00009008  _unlock                                  
0     00080000  code_start                               
0     00082000  Device_enableAllPeripherals              
0     0008212d  Interrupt_initModule                     
0     0008216a  __TI_decompress_lzss                     
0     0008219b  __TI_auto_init_nobinit_nopinit           
0     000821c6  C$$EXIT                                  
0     000821c6  abort                                    
0     000821c8  exit                                     
0     000821ef  Device_initGPIO                          
0     00082213  Device_init                              
0     00082234  Interrupt_initVectorTable                
0     00082252  main                                     
0     0008226f  memcpy                                   
0     0008228c  _c_int00                                 
0     000822a5  Device_enableUnbondedGPIOPullupsFor176Pin
0     000822f3  _args_main                               
0     000822ff  Device_enableUnbondedGPIOPullups         
0     0008230a  _register_unlock                         
0     0008230e  _register_lock                           
0     00082312  _nop                                     
0     00082313  __TI_decompress_none                     
0     00082323  __error__                                
0     0008232a  _system_pre_init                         
0     0008232c  _system_post_cinit                       
0     0008233a  __TI_Handler_Table_Base                  
0     0008233e  __TI_Handler_Table_Limit                 
0     00082340  __TI_CINIT_Base                          
0     00082344  __TI_CINIT_Limit                         
0     00082344  __TI_CINIT_Warm                          
0     00086000  RamfuncsLoadStart                        
0     0008612d  RamfuncsLoadEnd                          
abs   00000100  __TI_STACK_SIZE                          
abs   0000012d  RamfuncsLoadSize                         
abs   0000012d  RamfuncsRunSize                          
abs   ffffffff  __TI_pprof_out_hndl                      
abs   ffffffff  __TI_prof_data_size                      
abs   ffffffff  __TI_prof_data_start                     
n/a   UNDEFED   __c_args__                               

[49 symbols]
